[ntf.foundstaging.com/index.html]
[backblue.gif]
[fade.gif]
[index.html]
[ntf.foundstaging.com/wp-content/plugins/instagram-feed/css/sbi-styles.min61da.css]
[ntf.foundstaging.com/wp-includes/css/dist/block-library/style.min40df.css]
[ntf.foundstaging.com/wp-content/plugins/contact-form-7/includes/css/styles9dff.css]
[ntf.foundstaging.com/wp-content/plugins/country-phone-field-contact-form-7/assets/css/intlTelInput.min40df.css]
[ntf.foundstaging.com/wp-content/plugins/country-phone-field-contact-form-7/assets/css/countrySelect.min40df.css]
[ntf.foundstaging.com/wp-content/themes/ntf/assets/library/bootstrap-4.5.2-dist/css/bootstrap40df.css]
[ntf.foundstaging.com/wp-content/themes/ntf/assets/library/slick-1.8.1/slick/slick40df.css]
[ntf.foundstaging.com/wp-content/themes/ntf/assets/library/icomoon/icomoon40df.css]
[ntf.foundstaging.com/wp-content/themes/ntf/assets/css/wow40df.css]
[ntf.foundstaging.com/wp-content/themes/ntf/assets/css/services8d0c.css]
[ntf.foundstaging.com/wp-content/themes/ntf/assets/css/stylea9df.css]
[ntf.foundstaging.com/wp-content/themes/ntf/style2aec.css]
[ntf.foundstaging.com/wp-includes/js/jquery/jquery.min9d52.js]
[ntf.foundstaging.com/wp-includes/js/jquery/jquery-migrate.mind617.js]
[ntf.foundstaging.com/wp-json/wp/v2/pages/5.json]
[ntf.foundstaging.com/wp-json/index.html]
[ntf.foundstaging.com/xmlrpc0db0.php]
[ntf.foundstaging.com/wp-includes/wlwmanifest.xml]
[ntf.foundstaging.com/wp-json/oembed/1.0/embeda5cc.json]
[ntf.foundstaging.com/wp-json/oembed/1.0/embedc8ac]
[ntf.foundstaging.com/wp-content/uploads/2020/12/cropped-ntf-fav-32x32.png]
[ntf.foundstaging.com/wp-content/uploads/2020/12/cropped-ntf-fav-192x192.png]
[ntf.foundstaging.com/wp-content/uploads/2020/12/cropped-ntf-fav-180x180.png]
[ntf.foundstaging.com/wp-content/uploads/2020/12/header-logo.png]
[ntf.foundstaging.com/wp-content/uploads/2020/12/NTF-E-brochure-2020.pdf]
[ntf.foundstaging.com/ar/index.html]
[ntf.foundstaging.com/wp-content/uploads/2020/12/land-freight-1.jpg]
[ntf.foundstaging.com/about-us/index.html]
[ntf.foundstaging.com/services/index.html]
[ntf.foundstaging.com/wp-content/uploads/2020/12/ocean-freight-1-1.jpg]
[ntf.foundstaging.com/service/land-transport/index.html]
[ntf.foundstaging.com/service/air-freight/index.html]
[ntf.foundstaging.com/service/sea-freight/index.html]
[ntf.foundstaging.com/wp-content/uploads/2020/12/air-freight.jpg]
[ntf.foundstaging.com/service/warehousing/index.html]
[ntf.foundstaging.com/wp-content/uploads/2020/12/land-containers.jpg]
[ntf.foundstaging.com/service/customs-brokerage/index.html]
[ntf.foundstaging.com/news-insightes/index.html]
[ntf.foundstaging.com/wp-content/uploads/2020/12/home-b.jpg]
[ntf.foundstaging.com/contact-us/index.html]
[ntf.foundstaging.com/wp-content/uploads/2020/12/land-transport.jpg]
[ntf.foundstaging.com/career/index.html]
[ntf.foundstaging.com/wp-content/uploads/2020/12/air-cargo.jpg]
[ntf.foundstaging.com/wp-content/uploads/2020/12/sea-freight-1-1.jpg]
[ntf.foundstaging.com/wp-content/uploads/2020/12/wearhousing.jpg]
[ntf.foundstaging.com/wp-content/uploads/2020/12/custom-brokerage.jpg]
[ntf.foundstaging.com/wp-content/uploads/2020/12/land-tranportation-1.jpg]
[ntf.foundstaging.com/wp-content/uploads/2020/12/rail-tranportation-1.jpg]
[ntf.foundstaging.com/wp-content/uploads/2020/12/ship-tranportation-1.jpg]
[ntf.foundstaging.com/wp-content/uploads/2020/12/air-tranportation-1.jpg]
[ntf.foundstaging.com/wp-content/uploads/2020/11/dakar-rally-2020.jpg]
[ntf.foundstaging.com/wp-content/uploads/sb-instagram-feed-images/ntf_ksa.jpg]
[ntf.foundstaging.com/wp-content/plugins/instagram-feed/img/placeholder.png]
[ntf.foundstaging.com/wp-content/uploads/2020/12/ask-an-expert.png]
[ntf.foundstaging.com/wp-content/uploads/2020/12/footer-logo.png]
[ntf.foundstaging.com/wp-content/uploads/2020/12/quote.jpg]
[ntf.foundstaging.com/dakar-rally-2020/index.html]
[ntf.foundstaging.com/wp-admin/admin-ajax.php]
[ntf.foundstaging.com/wp-content/plugins/contact-form-7/includes/js/scripts9dff.js]
[ntf.foundstaging.com/privacy-statement/index.html]
[ntf.foundstaging.com/wp-content/plugins/country-phone-field-contact-form-7/assets/js/intlTelInput.min40df.js]
[ntf.foundstaging.com/wp-content/plugins/country-phone-field-contact-form-7/assets/js/countrySelect.min40df.js]
[www.google.com/recaptcha/apid1f7.js]
[ntf.foundstaging.com/wp-content/plugins/contact-form-7/modules/recaptcha/script9dff.js]
[ntf.foundstaging.com/wp-content/themes/ntf/assets/js/wow.min40df.js]
[ntf.foundstaging.com/wp-content/themes/ntf/assets/js/isotope.pkgd.min40df.js]
[ntf.foundstaging.com/wp-content/themes/ntf/assets/library/slick-1.8.1/slick/slick40df.js]
[ntf.foundstaging.com/wp-content/themes/ntf/assets/js/validatee162.js]
[ntf.foundstaging.com/wp-content/themes/ntf/assets/js/main3353.js]
[ntf.foundstaging.com/wp-includes/js/wp-embed.min40df.js]
[ntf.foundstaging.com/wp-content/plugins/instagram-feed/js/sbi-scripts.min61da.js]
[ntf.foundstaging.com/index.html]
[ntf.foundstaging.com/wp-content/plugins/instagram-feed/img/small-logo.png]
[ntf.foundstaging.com/wp-content/plugins/instagram-feed/css/sbi-styles.min61da.css]
[ntf.foundstaging.com/wp-includes/css/dist/block-library/style.min40df.css]
[ntf.foundstaging.com/wp-content/plugins/contact-form-7/assets/ajax-loader.gif]
[ntf.foundstaging.com/wp-content/plugins/contact-form-7/includes/css/styles9dff.css]
[ntf.foundstaging.com/wp-content/plugins/country-phone-field-contact-form-7/assets/img/flags.png]
[ntf.foundstaging.com/wp-content/plugins/country-phone-field-contact-form-7/assets/img/flags@2x.png]
[ntf.foundstaging.com/wp-content/plugins/country-phone-field-contact-form-7/assets/css/intlTelInput.min40df.css]
[ntf.foundstaging.com/wp-content/plugins/country-phone-field-contact-form-7/assets/css/countrySelect.min40df.css]
[ntf.foundstaging.com/wp-content/plugins/svg-support/css/svgs-attachment40df.css]
[fonts.googleapis.com/earlyaccess/notokufiarabic40df.css]
[ntf.foundstaging.com/wp-content/themes/ntf/assets/library/bootstrap-4.5.2-dist/css/bootstrap40df.css]
[ntf.foundstaging.com/wp-content/themes/ntf/assets/library/slick-1.8.1/slick/slick40df.css]
[ntf.foundstaging.com/wp-content/themes/ntf/assets/library/icomoon/icomoon9058.eot]
[ntf.foundstaging.com/wp-content/themes/ntf/assets/library/icomoon/icomoon9058.ttf]
[ntf.foundstaging.com/wp-content/themes/ntf/assets/library/icomoon/icomoon9058.woff]
[ntf.foundstaging.com/wp-content/themes/ntf/assets/library/icomoon/icomoon9058.svg]
[ntf.foundstaging.com/wp-content/themes/ntf/assets/library/icomoon/icomoon40df.css]
[ntf.foundstaging.com/wp-content/themes/ntf/assets/css/wow40df.css]
[ntf.foundstaging.com/wp-content/themes/ntf/assets/css/services8d0c.css]
[ntf.foundstaging.com/wp-content/themes/ntf/assets/img/about-stats.png]
[ntf.foundstaging.com/wp-content/themes/ntf/assets/img/calender.svg]
[ntf.foundstaging.com/wp-content/themes/ntf/assets/img/quote.jpg]
[ntf.foundstaging.com/wp-content/themes/ntf/assets/img/land-tranport.jpg]
[ntf.foundstaging.com/wp-content/themes/ntf/assets/img/land-tranportation.jpg]
[ntf.foundstaging.com/wp-content/themes/ntf/assets/img/rail-tranportation.jpg]
[ntf.foundstaging.com/wp-content/themes/ntf/assets/img/ship-tranportation.jpg]
[ntf.foundstaging.com/wp-content/themes/ntf/assets/img/air-tranportation.jpg]
[ntf.foundstaging.com/wp-content/themes/ntf/assets/img/stats-bg.png]
[ntf.foundstaging.com/wp-content/themes/ntf/assets/img/stats-bg-option-2.png]
[ntf.foundstaging.com/wp-content/themes/ntf/assets/img/mission-values.svg]
[ntf.foundstaging.com/wp-content/themes/ntf/assets/img/air-service.jpg]
[ntf.foundstaging.com/wp-content/themes/ntf/assets/css/stylea9df.css]
[ntf.foundstaging.com/wp-content/themes/ntf/style2aec.css]
[ntf.foundstaging.com/wp-includes/css/dist/block-library/style-rtl.min40df.css]
[ntf.foundstaging.com/wp-content/themes/ntf/assets/css/services2ffb.css]
[ntf.foundstaging.com/wp-content/themes/ntf/assets/library/bootstrap-4.0.0-rtl-dist/css/bootstrap40df.css]
[ntf.foundstaging.com/wp-content/themes/ntf/assets/css/stylef1df.css]
[ntf.foundstaging.com/wp-content/themes/ntf/assets/css/style-rtl8c94.css]
[ntf.foundstaging.com/wp-content/themes/ntf/style402d.css]
[ntf.foundstaging.com/wp-json/wp/v2/pages/281.json]
[ntf.foundstaging.com/wp-json/oembed/1.0/embedb61b.json]
[ntf.foundstaging.com/wp-json/oembed/1.0/embedb22a]
[ntf.foundstaging.com/wp-content/uploads/2020/12/NTF-brochure-27102020-Arabic.pdf]
[ntf.foundstaging.com/wp-content/uploads/2020/12/ocean-freight.jpg]
[ntf.foundstaging.com/wp-content/themes/ntf/assets/js/validate839f.js]
[ntf.foundstaging.com/ar/index.html]
[ntf.foundstaging.com/wp-content/themes/ntf/assets/js/maindd86.js]
[ntf.foundstaging.com/ar/about-us-ar/index.html]
[ntf.foundstaging.com/ar/services-ar/index.html]
[ntf.foundstaging.com/ar/service/land-transport-ar/index.html]
[ntf.foundstaging.com/wp-content/themes/ntf/assets/css/services51da.css]
[ntf.foundstaging.com/wp-content/themes/ntf/assets/css/style70f8.css]
[ntf.foundstaging.com/ar/service/air-freight-ar/index.html]
[ntf.foundstaging.com/ar/service/sea-freight-ar/index.html]
[ntf.foundstaging.com/ar/service/warehousing-ar/index.html]
[ntf.foundstaging.com/wp-content/themes/ntf/style7756.css]
[ntf.foundstaging.com/ar/service/customs-brokerage-ar/index.html]
[ntf.foundstaging.com/ar/news-insightes-ar/index.html]
[ntf.foundstaging.com/ar/contact-us-ar/index.html]
[ntf.foundstaging.com/wp-json/wp/v2/pages/6.json]
[ntf.foundstaging.com/ar/career-ar/index.html]
[ntf.foundstaging.com/wp-json/oembed/1.0/embedf94c.json]
[ntf.foundstaging.com/ar/privacy-statement-ar/index.html]
[ntf.foundstaging.com/index42dc.html]
[ntf.foundstaging.com/wp-json/oembed/1.0/embed47b6]
[ntf.foundstaging.com/wp-content/uploads/2020/12/billboard-bg.jpg]
[ntf.foundstaging.com/wp-content/themes/ntf/assets/js/validate8138.js]
[ntf.foundstaging.com/about-us/index.html]
[ntf.foundstaging.com/wp-content/themes/ntf/assets/js/mainf0ff.js]
[ntf.foundstaging.com/wp-content/themes/ntf/assets/css/services24d4.css]
[ntf.foundstaging.com/wp-content/themes/ntf/assets/css/style1cb8.css]
[ntf.foundstaging.com/wp-content/themes/ntf/stylea059.css]
[ntf.foundstaging.com/wp-json/wp/v2/pages/7.json]
[ntf.foundstaging.com/wp-json/oembed/1.0/embed894f.json]
[ntf.foundstaging.com/indexc4f7.html]
[ntf.foundstaging.com/wp-json/oembed/1.0/embed19a2]
[ntf.foundstaging.com/wp-content/uploads/2020/12/about-billboard.jpg]
[ntf.foundstaging.com/wp-content/themes/ntf/assets/js/validate0180.js]
[ntf.foundstaging.com/services/index.html]
[ntf.foundstaging.com/wp-content/themes/ntf/assets/js/main4ef4.js]
[ntf.foundstaging.com/wp-content/themes/ntf/assets/css/servicesa5cb.css]
[ntf.foundstaging.com/wp-content/themes/ntf/assets/css/styledf94.css]
[ntf.foundstaging.com/wp-content/themes/ntf/style4cd9.css]
[ntf.foundstaging.com/wp-json/wp/v2/service/61.json]
[ntf.foundstaging.com/wp-json/oembed/1.0/embedb978.json]
[ntf.foundstaging.com/index094d.html]
[ntf.foundstaging.com/wp-json/oembed/1.0/embed4284]
[ntf.foundstaging.com/wp-content/themes/ntf/assets/js/validate671a.js]
[ntf.foundstaging.com/service/land-transport/index.html]
[ntf.foundstaging.com/wp-content/themes/ntf/assets/js/mainde66.js]
[ntf.foundstaging.com/wp-content/themes/ntf/assets/css/servicesea85.css]
[ntf.foundstaging.com/wp-content/themes/ntf/assets/css/style98a5.css]
[ntf.foundstaging.com/wp-content/themes/ntf/style4e04.css]
[ntf.foundstaging.com/wp-json/wp/v2/service/62.json]
[ntf.foundstaging.com/wp-json/oembed/1.0/embed06b6.json]
[ntf.foundstaging.com/index5c36.html]
[ntf.foundstaging.com/wp-json/oembed/1.0/embede246]
[ntf.foundstaging.com/wp-content/themes/ntf/assets/js/validate091b.js]
[ntf.foundstaging.com/service/air-freight/index.html]
[ntf.foundstaging.com/wp-content/themes/ntf/assets/js/main6594.js]
[ntf.foundstaging.com/wp-content/uploads/2020/12/sea-freight-1.jpg]
[ntf.foundstaging.com/wp-content/themes/ntf/assets/css/servicesa1a1.css]
[ntf.foundstaging.com/wp-content/themes/ntf/assets/css/style5096.css]
[ntf.foundstaging.com/wp-json/wp/v2/service/63.json]
[ntf.foundstaging.com/wp-json/oembed/1.0/embed8e0c.json]
[ntf.foundstaging.com/index2cce.html]
[ntf.foundstaging.com/wp-json/oembed/1.0/embed4dcc]
[ntf.foundstaging.com/wp-content/themes/ntf/assets/js/validatecf8b.js]
[ntf.foundstaging.com/wp-content/themes/ntf/assets/js/maindb77.js]
[ntf.foundstaging.com/service/sea-freight/index.html]
[ntf.foundstaging.com/wp-content/themes/ntf/assets/css/services755a.css]
[ntf.foundstaging.com/wp-content/themes/ntf/assets/css/styleabae.css]
[ntf.foundstaging.com/wp-content/themes/ntf/style904d.css]
[ntf.foundstaging.com/wp-json/wp/v2/service/64.json]
[ntf.foundstaging.com/wp-json/oembed/1.0/embedda61.json]
[ntf.foundstaging.com/index8cd4.html]
[ntf.foundstaging.com/wp-json/oembed/1.0/embedb9aa]
[ntf.foundstaging.com/wp-content/themes/ntf/assets/js/validatedd17.js]
[ntf.foundstaging.com/wp-content/themes/ntf/assets/js/main6221.js]
[ntf.foundstaging.com/service/warehousing/index.html]
[ntf.foundstaging.com/wp-content/themes/ntf/assets/css/services0619.css]
[ntf.foundstaging.com/wp-content/themes/ntf/assets/css/style06fa.css]
[ntf.foundstaging.com/wp-content/themes/ntf/stylecbc1.css]
[ntf.foundstaging.com/wp-json/wp/v2/service/239.json]
[ntf.foundstaging.com/wp-json/oembed/1.0/embedd38d.json]
[ntf.foundstaging.com/index1639.html]
[ntf.foundstaging.com/wp-json/oembed/1.0/embed3197]
[ntf.foundstaging.com/wp-content/themes/ntf/assets/js/validate429b.js]
[ntf.foundstaging.com/service/customs-brokerage/index.html]
[ntf.foundstaging.com/wp-content/themes/ntf/assets/js/mainbcdf.js]
[ntf.foundstaging.com/wp-content/uploads/2020/12/news-b.jpg]
[ntf.foundstaging.com/wp-content/themes/ntf/assets/css/servicesc226.css]
[ntf.foundstaging.com/wp-content/themes/ntf/assets/css/style4c12.css]
[ntf.foundstaging.com/wp-content/themes/ntf/style276c.css]
[ntf.foundstaging.com/wp-content/themes/ntf/assets/js/validate070b.js]
[ntf.foundstaging.com/news-insightes/index.html]
[ntf.foundstaging.com/wp-content/themes/ntf/assets/js/main5324.js]
[ntf.foundstaging.com/wp-content/uploads/2020/12/contactus-b.jpg]
[ntf.foundstaging.com/wp-content/themes/ntf/assets/css/servicesa146.css]
[ntf.foundstaging.com/wp-content/themes/ntf/assets/css/style5875.css]
[ntf.foundstaging.com/wp-content/themes/ntf/style76b6.css]
[ntf.foundstaging.com/wp-json/wp/v2/pages/15.json]
[ntf.foundstaging.com/wp-json/oembed/1.0/embed269e.json]
[ntf.foundstaging.com/indexa1ca.html]
[ntf.foundstaging.com/wp-json/oembed/1.0/embeda327]
[ntf.foundstaging.com/wp-content/themes/ntf/assets/js/validatee020.js]
[ntf.foundstaging.com/wp-content/themes/ntf/assets/js/main90e2.js]
[ntf.foundstaging.com/contact-us/index.html]
[ntf.foundstaging.com/wp-content/uploads/2020/12/career-ban.jpg]
[ntf.foundstaging.com/wp-content/themes/ntf/assets/css/servicesc111.css]
[ntf.foundstaging.com/wp-content/themes/ntf/assets/css/style49d0.css]
[ntf.foundstaging.com/wp-content/themes/ntf/stylec684.css]
[ntf.foundstaging.com/wp-json/wp/v2/pages/16.json]
[ntf.foundstaging.com/wp-json/oembed/1.0/embed9945.json]
[ntf.foundstaging.com/index0e62.html]
[ntf.foundstaging.com/wp-json/oembed/1.0/embede6cc]
[ntf.foundstaging.com/wp-content/themes/ntf/assets/js/validate8a64.js]
[ntf.foundstaging.com/career/index.html]
[ntf.foundstaging.com/wp-content/themes/ntf/assets/js/main00ef.js]
[ntf.foundstaging.com/how-to-apply/indexb356.html]
[ntf.foundstaging.com/how-to-apply/indexdc72.html]
[ntf.foundstaging.com/wp-content/themes/ntf/assets/css/services2d99.css]
[ntf.foundstaging.com/how-to-apply/index073c.html]
[ntf.foundstaging.com/wp-content/themes/ntf/assets/css/style71bc.css]
[ntf.foundstaging.com/dakar-rally-2020/feed/index.html]
[ntf.foundstaging.com/wp-content/themes/ntf/style407e.css]
[ntf.foundstaging.com/wp-json/wp/v2/posts/522.json]
[ntf.foundstaging.com/wp-json/oembed/1.0/embed1665.json]
[ntf.foundstaging.com/index28a7.html]
[ntf.foundstaging.com/wp-json/oembed/1.0/embed31b6]
[ntf.foundstaging.com/wp-content/uploads/2020/12/dakar-winner-300x225.jpg]
[ntf.foundstaging.com/wp-content/themes/ntf/assets/js/validate55cf.js]
[ntf.foundstaging.com/dakar-rally-2020/index.html]
[ntf.foundstaging.com/wp-content/themes/ntf/assets/js/main29a6.js]
[ntf.foundstaging.com/wp-content/themes/ntf/assets/css/services99dd.css]
[ntf.foundstaging.com/wp-content/themes/ntf/assets/css/style0ae0.css]
[ntf.foundstaging.com/wp-content/themes/ntf/style86ab.css]
[ntf.foundstaging.com/wp-json/wp/v2/pages/3.json]
[ntf.foundstaging.com/wp-json/oembed/1.0/embedb6a3.json]
[ntf.foundstaging.com/index2207.html]
[ntf.foundstaging.com/wp-json/oembed/1.0/embed9170]
[ntf.foundstaging.com/wp-content/themes/ntf/assets/js/validate444a.js]
[ntf.foundstaging.com/wp-content/themes/ntf/assets/js/maine8e5.js]
[ntf.foundstaging.com/privacy-statement/index.html]
[ntf.foundstaging.com/wp-admin/admin-ajax.html]
[ntf.foundstaging.com/wp-content/themes/ntf/assets/library/icomoon/icomoon9058.svg]
[ntf.foundstaging.com/wp-content/themes/ntf/assets/img/calender.svg]
[ntf.foundstaging.com/wp-content/themes/ntf/assets/img/mission-values.svg]
[ntf.foundstaging.com/wp-includes/css/dist/block-library/style-rtl.min40df.css]
[ntf.foundstaging.com/wp-content/plugins/contact-form-7/includes/css/styles-rtl9dff.css]
[ntf.foundstaging.com/wp-content/themes/ntf/assets/library/bootstrap-4.0.0-rtl-dist/css/bootstrap40df.css]
[ntf.foundstaging.com/wp-content/themes/ntf/assets/css/services2ffb.css]
[ntf.foundstaging.com/wp-content/themes/ntf/assets/css/stylef1df.css]
[ntf.foundstaging.com/wp-content/themes/ntf/assets/css/style-rtl8c94.css]
[ntf.foundstaging.com/wp-content/themes/ntf/style402d.css]
[ntf.foundstaging.com/wp-content/themes/ntf/assets/css/services4c4d.css]
[ntf.foundstaging.com/wp-content/themes/ntf/assets/css/style1819.css]
[ntf.foundstaging.com/wp-content/themes/ntf/assets/css/style-rtl7cec.css]
[ntf.foundstaging.com/wp-content/themes/ntf/style6bc8.css]
[ntf.foundstaging.com/wp-json/wp/v2/pages/233.json]
[ntf.foundstaging.com/wp-json/oembed/1.0/embed5a91.json]
[ntf.foundstaging.com/index85b0.html]
[ntf.foundstaging.com/wp-json/oembed/1.0/embed1ff5]
[ntf.foundstaging.com/wp-content/themes/ntf/assets/js/validate3d41.js]
[ntf.foundstaging.com/wp-content/themes/ntf/assets/js/maindbde.js]
[ntf.foundstaging.com/ar/about-us-ar/index.html]
[ntf.foundstaging.com/wp-content/themes/ntf/assets/css/services4bec.css]
[ntf.foundstaging.com/wp-content/themes/ntf/assets/css/style1637.css]
[ntf.foundstaging.com/wp-content/themes/ntf/assets/css/style-rtldff8.css]
[ntf.foundstaging.com/wp-content/themes/ntf/style2df0.css]
[ntf.foundstaging.com/wp-json/wp/v2/pages/246.json]
[ntf.foundstaging.com/wp-json/oembed/1.0/embed2069.json]
[ntf.foundstaging.com/index88a0.html]
[ntf.foundstaging.com/wp-json/oembed/1.0/embed4ca5]
[ntf.foundstaging.com/wp-content/themes/ntf/assets/js/validate1588.js]
[ntf.foundstaging.com/ar/services-ar/index.html]
[ntf.foundstaging.com/wp-content/themes/ntf/assets/js/main91e6.js]
[ntf.foundstaging.com/wp-content/themes/ntf/assets/css/services9f26.css]
[ntf.foundstaging.com/wp-content/themes/ntf/assets/css/styleed4a.css]
[ntf.foundstaging.com/wp-content/themes/ntf/assets/css/style-rtl5349.css]
[ntf.foundstaging.com/wp-content/themes/ntf/style4bc7.css]
[ntf.foundstaging.com/wp-json/wp/v2/service/307.json]
[ntf.foundstaging.com/wp-json/oembed/1.0/embed7ca6.json]
[ntf.foundstaging.com/index2915.html]
[ntf.foundstaging.com/wp-json/oembed/1.0/embeda7d7]
[ntf.foundstaging.com/wp-content/themes/ntf/assets/js/validatef11f.js]
[ntf.foundstaging.com/wp-content/themes/ntf/assets/js/main5d77.js]
[ntf.foundstaging.com/ar/service/land-transport-ar/index.html]
[ntf.foundstaging.com/wp-content/themes/ntf/assets/css/services7cb7.css]
[ntf.foundstaging.com/wp-content/themes/ntf/assets/css/stylea4f9.css]
[ntf.foundstaging.com/wp-content/themes/ntf/assets/css/style-rtl138a.css]
[ntf.foundstaging.com/wp-content/themes/ntf/style0f5f.css]
[ntf.foundstaging.com/wp-json/wp/v2/service/306.json]
[ntf.foundstaging.com/wp-json/oembed/1.0/embedb766.json]
[ntf.foundstaging.com/indexf167.html]
[ntf.foundstaging.com/wp-json/oembed/1.0/embed4f40]
[ntf.foundstaging.com/wp-content/themes/ntf/assets/js/validate581a.js]
[ntf.foundstaging.com/ar/service/air-freight-ar/index.html]
[ntf.foundstaging.com/wp-content/themes/ntf/assets/js/main89cb.js]
[ntf.foundstaging.com/wp-content/themes/ntf/assets/css/services76ec.css]
[ntf.foundstaging.com/wp-content/themes/ntf/assets/css/style60f1.css]
[ntf.foundstaging.com/wp-content/themes/ntf/assets/css/style-rtl6db5.css]
[ntf.foundstaging.com/wp-content/themes/ntf/styleea7f.css]
[ntf.foundstaging.com/wp-json/wp/v2/service/305.json]
[ntf.foundstaging.com/wp-json/oembed/1.0/embedbd7e.json]
[ntf.foundstaging.com/index4720.html]
[ntf.foundstaging.com/wp-json/oembed/1.0/embedffef]
[ntf.foundstaging.com/wp-content/themes/ntf/assets/js/validate7992.js]
[ntf.foundstaging.com/ar/service/sea-freight-ar/index.html]
[ntf.foundstaging.com/wp-content/themes/ntf/assets/js/main45e8.js]
[ntf.foundstaging.com/wp-content/themes/ntf/assets/css/services3251.css]
[ntf.foundstaging.com/wp-content/themes/ntf/assets/css/style3b14.css]
[ntf.foundstaging.com/wp-content/themes/ntf/assets/css/style-rtlc08b.css]
[ntf.foundstaging.com/wp-content/themes/ntf/stylefe47.css]
[ntf.foundstaging.com/wp-json/wp/v2/service/304.json]
[ntf.foundstaging.com/wp-json/oembed/1.0/embed9eea.json]
[ntf.foundstaging.com/indexdd01.html]
[ntf.foundstaging.com/wp-json/oembed/1.0/embed1ef4]
[ntf.foundstaging.com/wp-content/themes/ntf/assets/js/validatef7fe.js]
[ntf.foundstaging.com/ar/service/warehousing-ar/index.html]
[ntf.foundstaging.com/wp-content/themes/ntf/assets/js/main6ec3.js]
[ntf.foundstaging.com/wp-content/themes/ntf/assets/css/servicesfb01.css]
[ntf.foundstaging.com/wp-content/themes/ntf/assets/css/style7206.css]
[ntf.foundstaging.com/wp-content/themes/ntf/assets/css/style-rtlf8d6.css]
[ntf.foundstaging.com/wp-content/themes/ntf/style6413.css]
[ntf.foundstaging.com/wp-json/wp/v2/service/325.json]
[ntf.foundstaging.com/wp-json/oembed/1.0/embed1445.json]
[ntf.foundstaging.com/indexf175.html]
[ntf.foundstaging.com/wp-json/oembed/1.0/embed0aa8]
[ntf.foundstaging.com/wp-content/themes/ntf/assets/js/validate473e.js]
[ntf.foundstaging.com/wp-content/themes/ntf/assets/js/maina9c8.js]
[ntf.foundstaging.com/ar/service/customs-brokerage-ar/index.html]
[ntf.foundstaging.com/wp-content/themes/ntf/assets/css/servicesfe93.css]
[ntf.foundstaging.com/wp-content/themes/ntf/assets/css/style577a.css]
[ntf.foundstaging.com/wp-content/themes/ntf/assets/css/style-rtl96b5.css]
[ntf.foundstaging.com/wp-content/themes/ntf/style50bd.css]
[ntf.foundstaging.com/wp-content/themes/ntf/assets/js/validate1613.js]
[ntf.foundstaging.com/wp-content/themes/ntf/assets/js/main6ce8.js]
[ntf.foundstaging.com/ar/news-insightes-ar/index.html]
[ntf.foundstaging.com/wp-content/themes/ntf/assets/css/services2278.css]
[ntf.foundstaging.com/wp-content/themes/ntf/assets/css/styled06e.css]
[ntf.foundstaging.com/wp-content/themes/ntf/assets/css/style-rtlb7cd.css]
[ntf.foundstaging.com/wp-content/themes/ntf/stylebcac.css]
[ntf.foundstaging.com/wp-json/wp/v2/pages/284.json]
[ntf.foundstaging.com/wp-json/oembed/1.0/embedb381.json]
[ntf.foundstaging.com/index7b2c.html]
[ntf.foundstaging.com/wp-json/oembed/1.0/embedccb2]
[ntf.foundstaging.com/wp-content/themes/ntf/assets/js/validate78e3.js]
[ntf.foundstaging.com/wp-content/themes/ntf/assets/js/mainb9bc.js]
[ntf.foundstaging.com/ar/contact-us-ar/index.html]
[ntf.foundstaging.com/wp-content/themes/ntf/assets/css/services36f9.css]
[ntf.foundstaging.com/wp-content/themes/ntf/assets/css/style470f.css]
[ntf.foundstaging.com/wp-content/themes/ntf/assets/css/style-rtlc868.css]
[ntf.foundstaging.com/wp-content/themes/ntf/style8c1c.css]
[ntf.foundstaging.com/wp-json/wp/v2/pages/285.json]
[ntf.foundstaging.com/wp-json/oembed/1.0/embed8b9a.json]
[ntf.foundstaging.com/indexd0b8.html]
[ntf.foundstaging.com/wp-json/oembed/1.0/embed2757]
[ntf.foundstaging.com/wp-content/themes/ntf/assets/js/validatee723.js]
[ntf.foundstaging.com/ar/career-ar/index.html]
[ntf.foundstaging.com/wp-content/themes/ntf/assets/js/maind7a5.js]
[ntf.foundstaging.com/ar/how-to-apply-ar/indexb356.html]
[ntf.foundstaging.com/wp-content/themes/ntf/assets/css/servicesecaf.css]
[ntf.foundstaging.com/ar/how-to-apply-ar/index073c.html]
[ntf.foundstaging.com/wp-content/themes/ntf/assets/css/styleae4e.css]
[ntf.foundstaging.com/wp-content/themes/ntf/assets/css/style-rtl8d10.css]
[ntf.foundstaging.com/wp-content/themes/ntf/style4cb2.css]
[ntf.foundstaging.com/wp-json/wp/v2/pages/427.json]
[ntf.foundstaging.com/wp-json/oembed/1.0/embed793d.json]
[ntf.foundstaging.com/indexa942.html]
[ntf.foundstaging.com/wp-json/oembed/1.0/embed3b07]
[ntf.foundstaging.com/wp-content/themes/ntf/assets/js/validate5f14.js]
[ntf.foundstaging.com/ar/privacy-statement-ar/index.html]
[ntf.foundstaging.com/wp-content/themes/ntf/assets/css/services51da.css]
[ntf.foundstaging.com/wp-content/themes/ntf/assets/css/style70f8.css]
[ntf.foundstaging.com/wp-content/themes/ntf/style7756.css]
[ntf.foundstaging.com/index42dc.html]
[ntf.foundstaging.com/wp-content/themes/ntf/assets/css/services24d4.css]
[ntf.foundstaging.com/wp-content/themes/ntf/assets/css/style1cb8.css]
[ntf.foundstaging.com/wp-content/themes/ntf/stylea059.css]
[ntf.foundstaging.com/indexc4f7.html]
[ntf.foundstaging.com/wp-content/themes/ntf/assets/css/servicesa5cb.css]
[ntf.foundstaging.com/wp-content/themes/ntf/assets/css/styledf94.css]
[ntf.foundstaging.com/wp-content/themes/ntf/style4cd9.css]
[ntf.foundstaging.com/index094d.html]
[ntf.foundstaging.com/wp-content/themes/ntf/assets/css/servicesea85.css]
[ntf.foundstaging.com/wp-content/themes/ntf/assets/css/style98a5.css]
[ntf.foundstaging.com/wp-content/themes/ntf/style4e04.css]
[ntf.foundstaging.com/index5c36.html]
[ntf.foundstaging.com/wp-content/themes/ntf/assets/css/servicesa1a1.css]
[ntf.foundstaging.com/wp-content/themes/ntf/assets/css/style5096.css]
[ntf.foundstaging.com/index2cce.html]
[ntf.foundstaging.com/wp-content/themes/ntf/assets/css/services755a.css]
[ntf.foundstaging.com/wp-content/themes/ntf/assets/css/styleabae.css]
[ntf.foundstaging.com/wp-content/themes/ntf/style904d.css]
[ntf.foundstaging.com/index8cd4.html]
[ntf.foundstaging.com/wp-content/themes/ntf/assets/css/services0619.css]
[ntf.foundstaging.com/wp-content/themes/ntf/assets/css/style06fa.css]
[ntf.foundstaging.com/wp-content/themes/ntf/stylecbc1.css]
[ntf.foundstaging.com/index1639.html]
[ntf.foundstaging.com/wp-content/themes/ntf/assets/css/servicesc226.css]
[ntf.foundstaging.com/wp-content/themes/ntf/assets/css/style4c12.css]
[ntf.foundstaging.com/wp-content/themes/ntf/style276c.css]
[ntf.foundstaging.com/wp-content/themes/ntf/assets/css/servicesa146.css]
[ntf.foundstaging.com/wp-content/themes/ntf/assets/css/style5875.css]
[ntf.foundstaging.com/wp-content/themes/ntf/style76b6.css]
[ntf.foundstaging.com/indexa1ca.html]
[ntf.foundstaging.com/wp-content/themes/ntf/assets/css/servicesc111.css]
[ntf.foundstaging.com/wp-content/themes/ntf/assets/css/style49d0.css]
[ntf.foundstaging.com/wp-content/themes/ntf/stylec684.css]
[ntf.foundstaging.com/index0e62.html]
[ntf.foundstaging.com/wp-content/themes/ntf/assets/js/maine9ef.js]
[ntf.foundstaging.com/wp-content/themes/ntf/assets/css/services3e2e.css]
[ntf.foundstaging.com/wp-content/themes/ntf/style7801.css]
[ntf.foundstaging.com/wp-content/themes/ntf/assets/css/styleead5.css]
[ntf.foundstaging.com/how-to-apply/index.html]
[ntf.foundstaging.com/wp-content/themes/ntf/style204f.css]
[ntf.foundstaging.com/wp-json/wp/v2/pages/373.json]
[ntf.foundstaging.com/wp-json/oembed/1.0/embed9491.json]
[ntf.foundstaging.com/index7080.html]
[ntf.foundstaging.com/wp-json/oembed/1.0/embedad78]
[ntf.foundstaging.com/wp-content/themes/ntf/assets/js/validateb88c.js]
[ntf.foundstaging.com/wp-content/themes/ntf/assets/js/main001c.js]
[ntf.foundstaging.com/how-to-apply/indexb356.html]
[ntf.foundstaging.com/wp-content/themes/ntf/assets/css/servicesf42e.css]
[ntf.foundstaging.com/wp-content/themes/ntf/assets/css/style38cd.css]
[ntf.foundstaging.com/wp-content/themes/ntf/stylea4dd.css]
[ntf.foundstaging.com/ar/how-to-apply-ar/index.html]
[ntf.foundstaging.com/wp-content/themes/ntf/assets/js/validate810f.js]
[ntf.foundstaging.com/wp-content/themes/ntf/assets/js/maind681.js]
[ntf.foundstaging.com/how-to-apply/indexdc72.html]
[ntf.foundstaging.com/wp-content/themes/ntf/assets/css/services4e38.css]
[ntf.foundstaging.com/wp-content/themes/ntf/assets/css/styleda5b.css]
[ntf.foundstaging.com/wp-content/themes/ntf/style2d75.css]
[ntf.foundstaging.com/wp-content/themes/ntf/assets/js/validatef9cb.js]
[ntf.foundstaging.com/how-to-apply/index073c.html]
[ntf.foundstaging.com/wp-content/themes/ntf/assets/js/main4eb7.js]
[ntf.foundstaging.com/wp-content/themes/ntf/assets/css/services2d99.css]
[ntf.foundstaging.com/wp-content/themes/ntf/assets/css/style71bc.css]
[ntf.foundstaging.com/wp-content/themes/ntf/style407e.css]
[ntf.foundstaging.com/index28a7.html]
[ntf.foundstaging.com/wp-content/themes/ntf/assets/css/services99dd.css]
[ntf.foundstaging.com/wp-content/themes/ntf/assets/css/style0ae0.css]
[ntf.foundstaging.com/wp-content/themes/ntf/style86ab.css]
[ntf.foundstaging.com/index2207.html]
[ntf.foundstaging.com/wp-content/themes/ntf/assets/css/services4c4d.css]
[ntf.foundstaging.com/wp-content/themes/ntf/assets/css/style1819.css]
[ntf.foundstaging.com/wp-content/themes/ntf/assets/css/style-rtl7cec.css]
[ntf.foundstaging.com/wp-content/themes/ntf/style6bc8.css]
[ntf.foundstaging.com/index85b0.html]
[ntf.foundstaging.com/wp-content/themes/ntf/assets/css/services4bec.css]
[ntf.foundstaging.com/wp-content/themes/ntf/assets/css/style1637.css]
[ntf.foundstaging.com/wp-content/themes/ntf/assets/css/style-rtldff8.css]
[ntf.foundstaging.com/wp-content/themes/ntf/style2df0.css]
[ntf.foundstaging.com/index88a0.html]
[ntf.foundstaging.com/wp-content/themes/ntf/assets/css/services9f26.css]
[ntf.foundstaging.com/wp-content/themes/ntf/assets/css/styleed4a.css]
[ntf.foundstaging.com/wp-content/themes/ntf/assets/css/style-rtl5349.css]
[ntf.foundstaging.com/wp-content/themes/ntf/style4bc7.css]
[ntf.foundstaging.com/index2915.html]
[ntf.foundstaging.com/wp-content/themes/ntf/assets/css/services7cb7.css]
[ntf.foundstaging.com/wp-content/themes/ntf/assets/css/stylea4f9.css]
[ntf.foundstaging.com/wp-content/themes/ntf/assets/css/style-rtl138a.css]
[ntf.foundstaging.com/wp-content/themes/ntf/style0f5f.css]
[ntf.foundstaging.com/indexf167.html]
[ntf.foundstaging.com/wp-content/themes/ntf/assets/css/services76ec.css]
[ntf.foundstaging.com/wp-content/themes/ntf/assets/css/style60f1.css]
[ntf.foundstaging.com/wp-content/themes/ntf/assets/css/style-rtl6db5.css]
[ntf.foundstaging.com/wp-content/themes/ntf/styleea7f.css]
[ntf.foundstaging.com/index4720.html]
[ntf.foundstaging.com/wp-content/themes/ntf/assets/css/services3251.css]
[ntf.foundstaging.com/wp-content/themes/ntf/assets/css/style3b14.css]
[ntf.foundstaging.com/wp-content/themes/ntf/assets/css/style-rtlc08b.css]
[ntf.foundstaging.com/wp-content/themes/ntf/stylefe47.css]
[ntf.foundstaging.com/indexdd01.html]
[ntf.foundstaging.com/wp-content/themes/ntf/assets/css/servicesfb01.css]
[ntf.foundstaging.com/wp-content/themes/ntf/assets/css/style7206.css]
[ntf.foundstaging.com/wp-content/themes/ntf/assets/css/style-rtlf8d6.css]
[ntf.foundstaging.com/wp-content/themes/ntf/style6413.css]
[ntf.foundstaging.com/indexf175.html]
[ntf.foundstaging.com/wp-content/themes/ntf/assets/css/servicesfe93.css]
[ntf.foundstaging.com/wp-content/themes/ntf/assets/css/style577a.css]
[ntf.foundstaging.com/wp-content/themes/ntf/assets/css/style-rtl96b5.css]
[ntf.foundstaging.com/wp-content/themes/ntf/style50bd.css]
[ntf.foundstaging.com/wp-content/themes/ntf/assets/css/services2278.css]
[ntf.foundstaging.com/wp-content/themes/ntf/assets/css/styled06e.css]
[ntf.foundstaging.com/wp-content/themes/ntf/assets/css/style-rtlb7cd.css]
[ntf.foundstaging.com/wp-content/themes/ntf/stylebcac.css]
[ntf.foundstaging.com/index7b2c.html]
[ntf.foundstaging.com/wp-content/themes/ntf/assets/css/services36f9.css]
[ntf.foundstaging.com/wp-content/themes/ntf/assets/css/style470f.css]
[ntf.foundstaging.com/wp-content/themes/ntf/assets/css/style-rtlc868.css]
[ntf.foundstaging.com/wp-content/themes/ntf/style8c1c.css]
[ntf.foundstaging.com/indexd0b8.html]
[ntf.foundstaging.com/wp-content/themes/ntf/assets/css/services4f52.css]
[ntf.foundstaging.com/wp-content/themes/ntf/assets/css/styleb993.css]
[ntf.foundstaging.com/wp-content/themes/ntf/assets/css/style-rtlca07.css]
[ntf.foundstaging.com/wp-content/themes/ntf/styleac22.css]
[ntf.foundstaging.com/wp-json/wp/v2/pages/376.json]
[ntf.foundstaging.com/wp-json/oembed/1.0/embeda5d6.json]
[ntf.foundstaging.com/index264a.html]
[ntf.foundstaging.com/wp-json/oembed/1.0/embed8ba6]
[ntf.foundstaging.com/wp-content/themes/ntf/assets/js/validatec635.js]
[ntf.foundstaging.com/wp-content/themes/ntf/assets/js/main3248.js]
[ntf.foundstaging.com/ar/how-to-apply-ar/indexb356.html]
[ntf.foundstaging.com/wp-content/themes/ntf/assets/css/services4d7a.css]
[ntf.foundstaging.com/wp-content/themes/ntf/assets/css/styled5c0.css]
[ntf.foundstaging.com/ar/how-to-apply-ar/indexdc72.html]
[ntf.foundstaging.com/wp-content/themes/ntf/assets/css/style-rtlfe46.css]
[ntf.foundstaging.com/wp-content/themes/ntf/style0ac4.css]
[ntf.foundstaging.com/wp-content/themes/ntf/assets/js/validatedd39.js]
[ntf.foundstaging.com/wp-content/themes/ntf/assets/js/main5e6d.js]
[ntf.foundstaging.com/ar/how-to-apply-ar/index073c.html]
[ntf.foundstaging.com/wp-content/themes/ntf/assets/css/servicesecaf.css]
[ntf.foundstaging.com/wp-content/themes/ntf/assets/css/styleae4e.css]
[ntf.foundstaging.com/wp-content/themes/ntf/assets/css/style-rtl8d10.css]
[ntf.foundstaging.com/wp-content/themes/ntf/style4cb2.css]
[ntf.foundstaging.com/indexa942.html]
[ntf.foundstaging.com/wp-content/themes/ntf/style7801.css]
[ntf.foundstaging.com/wp-content/themes/ntf/assets/css/servicesb0fe.css]
[ntf.foundstaging.com/wp-content/themes/ntf/assets/css/styleca20.css]
[ntf.foundstaging.com/wp-content/themes/ntf/style5ec6.css]
[ntf.foundstaging.com/wp-content/themes/ntf/assets/js/validate99b3.js]
[ntf.foundstaging.com/wp-content/themes/ntf/assets/js/main024d.js]
[ntf.foundstaging.com/how-to-apply/index.html]
[ntf.foundstaging.com/wp-content/themes/ntf/assets/css/services3e2e.css]
[ntf.foundstaging.com/wp-content/themes/ntf/assets/css/styleead5.css]
[ntf.foundstaging.com/wp-content/themes/ntf/style204f.css]
[ntf.foundstaging.com/index7080.html]
[ntf.foundstaging.com/wp-content/themes/ntf/assets/css/services091b.css]
[ntf.foundstaging.com/wp-content/themes/ntf/assets/css/style874e.css]
[ntf.foundstaging.com/wp-content/themes/ntf/assets/css/style-rtl2f3e.css]
[ntf.foundstaging.com/wp-content/themes/ntf/style2ac8.css]
[ntf.foundstaging.com/wp-content/themes/ntf/assets/js/validatecd14.js]
[ntf.foundstaging.com/ar/how-to-apply-ar/index.html]
[ntf.foundstaging.com/wp-content/themes/ntf/assets/css/servicesf42e.css]
[ntf.foundstaging.com/wp-content/themes/ntf/assets/css/style38cd.css]
[ntf.foundstaging.com/wp-content/themes/ntf/stylea4dd.css]
[ntf.foundstaging.com/wp-content/themes/ntf/assets/css/services4e38.css]
[ntf.foundstaging.com/wp-content/themes/ntf/assets/css/styleda5b.css]
[ntf.foundstaging.com/wp-content/themes/ntf/style2d75.css]
[ntf.foundstaging.com/wp-content/themes/ntf/assets/css/services4f52.css]
[ntf.foundstaging.com/wp-content/themes/ntf/assets/js/maind7e7.js]
[ntf.foundstaging.com/wp-content/themes/ntf/assets/css/styleb993.css]
[ntf.foundstaging.com/wp-content/themes/ntf/assets/css/style-rtlca07.css]
[ntf.foundstaging.com/wp-content/themes/ntf/styleac22.css]
[ntf.foundstaging.com/index264a.html]
[ntf.foundstaging.com/wp-content/themes/ntf/assets/css/services8756.css]
[ntf.foundstaging.com/wp-content/themes/ntf/assets/css/style0603.css]
[ntf.foundstaging.com/wp-content/themes/ntf/assets/css/style-rtl3acc.css]
[ntf.foundstaging.com/wp-content/themes/ntf/style4d3e.css]
[ntf.foundstaging.com/wp-content/themes/ntf/assets/js/validatec511.js]
[ntf.foundstaging.com/ar/how-to-apply-ar/indexdc72.html]
[ntf.foundstaging.com/wp-content/themes/ntf/assets/css/services4d7a.css]
[ntf.foundstaging.com/wp-content/themes/ntf/assets/css/styled5c0.css]
[ntf.foundstaging.com/wp-content/themes/ntf/assets/css/style-rtlfe46.css]
[ntf.foundstaging.com/wp-content/themes/ntf/style0ac4.css]
[ntf.foundstaging.com/wp-content/themes/ntf/assets/js/maincfe8.js]
[ntf.foundstaging.com/wp-content/themes/ntf/assets/css/servicesb0fe.css]
[ntf.foundstaging.com/wp-content/themes/ntf/assets/css/styleca20.css]
[ntf.foundstaging.com/wp-content/themes/ntf/style5ec6.css]
[ntf.foundstaging.com/wp-content/themes/ntf/assets/css/services091b.css]
[ntf.foundstaging.com/wp-content/themes/ntf/assets/css/style874e.css]
[ntf.foundstaging.com/wp-content/themes/ntf/assets/css/style-rtl2f3e.css]
[ntf.foundstaging.com/wp-content/themes/ntf/style2ac8.css]
[ntf.foundstaging.com/wp-content/themes/ntf/assets/css/services8756.css]
[ntf.foundstaging.com/wp-content/themes/ntf/assets/css/style0603.css]
[ntf.foundstaging.com/wp-content/themes/ntf/assets/css/style-rtl3acc.css]
[ntf.foundstaging.com/wp-content/themes/ntf/style4d3e.css]
